D:\Full Stack Open\fullstackopen_osa12-containers\todo-app\todo-backend>docker container ls
CONTAINER ID   IMAGE     COMMAND                  CREATED          STATUS          PORTS                     NAMES
0f6b5272c2bf   nginx     "/docker-entrypoint.…"   7 minutes ago    Up 7 minutes    0.0.0.0:8080->80/tcp      elated_joliot
0d986209260e   mongo     "docker-entrypoint.s…"   30 minutes ago   Up 30 minutes   0.0.0.0:3456->27017/tcp   todo-backend_mongo_1

D:\Full Stack Open\fullstackopen_osa12-containers\todo-app\todo-backend>docker exec -it todo-backend_mongo1 bash
Error: No such container: todo-backend_mongo1

D:\Full Stack Open\fullstackopen_osa12-containers\todo-app\todo-backend>docker exec -it todo-backend_mongo_1 bash
root@0d986209260e:/# mongo
MongoDB shell version v5.0.5
connecting to: mongodb://127.0.0.1:27017/?compressors=disabled&gssapiServiceName=mongodb
Implicit session: session { "id" : UUID("aa977fa0-2f15-43ef-a670-58cb0a3f96dd") }
MongoDB server version: 5.0.5
================
Warning: the "mongo" shell has been superseded by "mongosh",
which delivers improved usability and compatibility.The "mongo" shell has been deprecated and will be removed in
an upcoming release.
For installation instructions, see
https://docs.mongodb.com/mongodb-shell/install/
================
Welcome to the MongoDB shell.
For interactive help, type "help".
For more comprehensive documentation, see
        https://docs.mongodb.com/
Questions? Try the MongoDB Developer Community Forums
        https://community.mongodb.com
> ^C
bye
root@0d986209260e:/# mongo -u root -p example
MongoDB shell version v5.0.5
connecting to: mongodb://127.0.0.1:27017/?compressors=disabled&gssapiServiceName=mongodb
Implicit session: session { "id" : UUID("c9e311d5-f7d7-4f98-8743-9fbc8e1cd778") }
MongoDB server version: 5.0.5
================
Warning: the "mongo" shell has been superseded by "mongosh",
which delivers improved usability and compatibility.The "mongo" shell has been deprecated and will be removed in
an upcoming release.
For installation instructions, see
https://docs.mongodb.com/mongodb-shell/install/
================
---
The server generated these startup warnings when booting:
        2021-12-16T11:11:28.766+00:00: /sys/kernel/mm/transparent_hugepage/enabled is 'always'. We suggest setting it to 'never'
---
---
        Enable MongoDB's free cloud-based monitoring service, which will then receive and display
        metrics about your deployment (disk utilization, CPU, operation statistics, etc).

        The monitoring data will be available on a MongoDB website with a unique URL accessible to you
        and anyone you share the URL with. MongoDB may use this information to make product
        improvements and to suggest MongoDB products and deployment options to you.

        To enable free monitoring, run the following command: db.enableFreeMonitoring()
        To permanently disable this reminder, run the following command: db.disableFreeMonitoring()
---
> show dbs
admin         0.000GB
config        0.000GB
local         0.000GB
the_database  0.000GB
> use the_database
switched to db the_database
> show collections
todos
> db.todos.find({})
{ "_id" : ObjectId("61bb1eca118b4d4063c0c14b"), "text" : "more code", "done" : true }
{ "_id" : ObjectId("61bb1eca118b4d4063c0c14c"), "text" : "Learn about containers", "done" : false }
> db.todos.insertOne({text:"Increase the number of tools in my toolbelt", done:false})
{
        "acknowledged" : true,
        "insertedId" : ObjectId("61bb272b34bc5d2cddc3d7b7")
}
> db.todos.find({})
{ "_id" : ObjectId("61bb1eca118b4d4063c0c14b"), "text" : "more code", "done" : true }
{ "_id" : ObjectId("61bb1eca118b4d4063c0c14c"), "text" : "Learn about containers", "done" : false }
{ "_id" : ObjectId("61bb272b34bc5d2cddc3d7b7"), "text" : "Increase the number of tools in my toolbelt", "done" : false }
>